// Jest Snapshot v1, https://goo.gl/fbAQLP

exports[`test book page should render correctly 1`] = `
<div>
  <div
    class="bookpage-container"
  >
    <h1>
      My Books
    </h1>
    <div
      class="toggle-selector-container"
    >
      <button
        class="toggle-option-button-selected"
      >
        Rated Books
      </button>
      <button
        class="toggle-option-button-not-selected"
      >
        Bookmarked
      </button>
    </div>
    <div
      class="book-vertical-list-container"
    >
      <div
        class="book-vertical-item-container"
      >
        <div
          class="book-vertical-item-img"
        >
          <img
            alt="Book 1"
            src="img src"
          />
        </div>
        <div
          class="book-vertical-item-middle"
        >
          <div
            class="book-vertical-item-rating"
          >
            <svg
              class="book-vertical-item-star"
              fill="currentColor"
              height="1em"
              stroke="currentColor"
              stroke-width="0"
              viewBox="0 0 1024 1024"
              width="1em"
              xmlns="http://www.w3.org/2000/svg"
            >
              <path
                d="M908.1 353.1l-253.9-36.9L540.7 86.1c-3.1-6.3-8.2-11.4-14.5-14.5-15.8-7.8-35-1.3-42.9 14.5L369.8 316.2l-253.9 36.9c-7 1-13.4 4.3-18.3 9.3a32.05 32.05 0 0 0 .6 45.3l183.7 179.1-43.4 252.9a31.95 31.95 0 0 0 46.4 33.7L512 754l227.1 119.4c6.2 3.3 13.4 4.4 20.3 3.2 17.4-3 29.1-19.5 26.1-36.9l-43.4-252.9 183.7-179.1c5-4.9 8.3-11.3 9.3-18.3 2.7-17.5-9.5-33.7-27-36.3z"
              />
            </svg>
             5.0
          </div>
          <div
            class="book-vertical-item-name"
          >
            Book 1
          </div>
          <div
            class="book-vertical-item-author"
          >
            John
          </div>
        </div>
        <div
          class="book-vertical-item-right"
        >
          <div
            class="book-vertical-item-bookmark-container"
          >
            <svg
              class="book-vertical-item-bookmark"
              fill="currentColor"
              height="1em"
              stroke="currentColor"
              stroke-width="0"
              viewBox="0 0 24 24"
              width="1em"
              xmlns="http://www.w3.org/2000/svg"
            >
              <g>
                <path
                  d="M0 0h24v24H0z"
                  fill="none"
                />
                <path
                  d="M5 2h14a1 1 0 0 1 1 1v19.143a.5.5 0 0 1-.766.424L12 18.03l-7.234 4.536A.5.5 0 0 1 4 22.143V3a1 1 0 0 1 1-1z"
                />
              </g>
            </svg>
          </div>
          <div>
            <span
              class="book-vertical-item-emphasize"
            >
              $
              5
            </span>
            .00
          </div>
        </div>
      </div>
      <div
        class="book-vertical-item-container"
      >
        <div
          class="book-vertical-item-img"
        >
          <img
            alt="Book 2"
            src="img src"
          />
        </div>
        <div
          class="book-vertical-item-middle"
        >
          <div
            class="book-vertical-item-rating"
          >
            <svg
              class="book-vertical-item-star"
              fill="currentColor"
              height="1em"
              stroke="currentColor"
              stroke-width="0"
              viewBox="0 0 1024 1024"
              width="1em"
              xmlns="http://www.w3.org/2000/svg"
            >
              <path
                d="M908.1 353.1l-253.9-36.9L540.7 86.1c-3.1-6.3-8.2-11.4-14.5-14.5-15.8-7.8-35-1.3-42.9 14.5L369.8 316.2l-253.9 36.9c-7 1-13.4 4.3-18.3 9.3a32.05 32.05 0 0 0 .6 45.3l183.7 179.1-43.4 252.9a31.95 31.95 0 0 0 46.4 33.7L512 754l227.1 119.4c6.2 3.3 13.4 4.4 20.3 3.2 17.4-3 29.1-19.5 26.1-36.9l-43.4-252.9 183.7-179.1c5-4.9 8.3-11.3 9.3-18.3 2.7-17.5-9.5-33.7-27-36.3z"
              />
            </svg>
             5.0
          </div>
          <div
            class="book-vertical-item-name"
          >
            Book 2
          </div>
          <div
            class="book-vertical-item-author"
          >
            John
          </div>
        </div>
        <div
          class="book-vertical-item-right"
        >
          <div
            class="book-vertical-item-bookmark-container"
          >
            <svg
              class="book-vertical-item-bookmark"
              fill="currentColor"
              height="1em"
              stroke="currentColor"
              stroke-width="0"
              viewBox="0 0 24 24"
              width="1em"
              xmlns="http://www.w3.org/2000/svg"
            >
              <g>
                <path
                  d="M0 0h24v24H0z"
                  fill="none"
                />
                <path
                  d="M5 2h14a1 1 0 0 1 1 1v19.143a.5.5 0 0 1-.766.424L12 18.03l-7.234 4.536A.5.5 0 0 1 4 22.143V3a1 1 0 0 1 1-1z"
                />
              </g>
            </svg>
          </div>
          <div>
            <span
              class="book-vertical-item-emphasize"
            >
              $
              5
            </span>
            .00
          </div>
        </div>
      </div>
    </div>
    <div
      class="navbar-container"
    >
      <img
        class="navbar-icon"
        src="home-dimmed.svg"
      />
      <img
        class="navbar-icon"
        src="search-dimmed.png"
      />
      <img
        class="navbar-icon"
        src="book.svg"
      />
    </div>
  </div>
</div>
`;
